// Jest Snapshot v1, https://goo.gl/fbAQLP

exports[`<Exercise /> should render correctly 1`] = `
<DocumentFragment>
  .c0 {
  display: -webkit-box;
  display: -webkit-flex;
  display: -ms-flexbox;
  display: flex;
  -webkit-align-items: center;
  -webkit-box-align: center;
  -ms-flex-align: center;
  align-items: center;
  margin-left: 16px;
  -webkit-text-decoration: none;
  text-decoration: none;
  color: #333;
}

.c0 p:first-child {
  margin-top: 0;
}

.c2 {
  display: -webkit-box;
  display: -webkit-flex;
  display: -ms-flexbox;
  display: flex;
  -webkit-flex-direction: column;
  -ms-flex-direction: column;
  flex-direction: column;
  color: #333;
}

.c2 p:first-child {
  margin-top: 0;
}

.c3 {
  font-size: 1.1rem;
  margin-bottom: 5px;
  margin-top: 10px;
  margin: 10 0 5 0px;
}

.c4 {
  font-size: 0.8rem;
  margin: 0;
  font-weight: 300;
  color: #999;
}

.c1 {
  width: 32px;
  height: 32px;
  margin-right: 44px;
}

<a
    class="c0"
    href="//details/NaN"
  >
    <img
      alt=""
      class="c1"
      src="placeholder.png"
    />
    <div
      class="c2"
    >
      <p
        class="c3"
      >
        Arnold Press
      </p>
      <p
        class="c4"
      >
        Shoulder
      </p>
    </div>
  </a>
</DocumentFragment>
`;
