// Jest Snapshot v1, https://goo.gl/fbAQLP

exports[`<Add /> should render correctly 1`] = `
<DocumentFragment>
  .c2 {
  display: -webkit-box;
  display: -webkit-flex;
  display: -ms-flexbox;
  display: flex;
  -webkit-align-items: center;
  -webkit-box-align: center;
  -ms-flex-align: center;
  align-items: center;
  -webkit-box-pack: center;
  -webkit-justify-content: center;
  -ms-flex-pack: center;
  justify-content: center;
  background: none;
  border: none;
  outline: none;
  border-radius: 5px;
  margin-left: auto;
  padding: 5px 15px;
  font-size: 1rem;
  height: 36px;
  cursor: pointer;
  color: white;
  -webkit-text-decoration: none;
  text-decoration: none;
  background-color: hsla(200,100%,50%,0.2);
}

.c2 a {
  -webkit-text-decoration: none;
  text-decoration: none;
  color: white;
}

.c3 {
  display: -webkit-box;
  display: -webkit-flex;
  display: -ms-flexbox;
  display: flex;
  -webkit-flex-direction: column;
  -ms-flex-direction: column;
  flex-direction: column;
  overflow-y: auto;
  -webkit-scroll-behavior: smooth;
  -moz-scroll-behavior: smooth;
  -ms-scroll-behavior: smooth;
  scroll-behavior: smooth;
}

.c3 span:first-child {
  margin-top: 5px;
}

.c0 {
  overflow-y: auto;
  padding: 0 40px 30px;
}

.c4 {
  margin-top: 20px;
  width: 100%;
  border: none;
  outline: none;
  height: 40px;
  resize: none;
  font-size: 1.4rem;
  background-color: #fff;
  color: #333;
}

.c4::-webkit-input-placeholder {
  font-weight: 300;
}

.c4::-moz-placeholder {
  font-weight: 300;
}

.c4:-ms-input-placeholder {
  font-weight: 300;
}

.c4::placeholder {
  font-weight: 300;
}

.c1 {
  display: -webkit-box;
  display: -webkit-flex;
  display: -ms-flexbox;
  display: flex;
  -webkit-align-items: center;
  -webkit-box-align: center;
  -ms-flex-align: center;
  align-items: center;
  position: -webkit-sticky;
  position: sticky;
  top: 0;
  background: #fff;
  padding: 40px 0 30px;
}

.c1 h3 {
  margin: 0;
  font-weight: bold;
}

.c5 {
  display: -webkit-box;
  display: -webkit-flex;
  display: -ms-flexbox;
  display: flex;
  -webkit-align-items: center;
  -webkit-box-align: center;
  -ms-flex-align: center;
  align-items: center;
  -webkit-box-pack: center;
  -webkit-justify-content: center;
  -ms-flex-pack: center;
  justify-content: center;
  background: none;
  border: none;
  outline: none;
  border-radius: 5px;
  padding: 5px 15px;
  font-size: 1rem;
  height: 36px;
  cursor: pointer;
  color: white;
  -webkit-text-decoration: none;
  text-decoration: none;
  background-color: hsl(200,100%,50%);
  margin: 30px;
  text-transform: uppercase;
}

.c5 a {
  -webkit-text-decoration: none;
  text-decoration: none;
  color: white;
}

<form
    class="c0"
    data-testid="add-form"
    id="add"
  >
    <div
      class="c1"
    >
      <h3>
        Build Your Routine
      </h3>
      <button
        class="Button-sc-18sujpt-0 c2"
      >
        Next
      </button>
    </div>
    <section
      class="c3"
    >
      <textarea
        class="c4"
        id="name"
        maxlength="30"
        minlength="1"
        name="name"
        placeholder="Name your workout"
        required=""
        type="text"
      />
      <button
        class="Button-sc-18sujpt-0 c5"
        data-testid="add-button"
      >
        Add Exercises
      </button>
    </section>
  </form>
</DocumentFragment>
`;
