// Jest Snapshot v1, https://goo.gl/fbAQLP

exports[`<ExerciseList /> should render correctly 1`] = `
<DocumentFragment>
  .c0 {
  font-size: 0.8rem;
  margin: 20px 0 20px 0;
  color: #888;
  font-weight: 300;
}

<span
    class="c0"
  >
    T
  </span>
  .c0 {
  display: -webkit-box;
  display: -webkit-flex;
  display: -ms-flexbox;
  display: flex;
  -webkit-align-items: center;
  -webkit-box-align: center;
  -ms-flex-align: center;
  align-items: center;
  margin: 0 0 18px 10px;
  -webkit-text-decoration: none;
  text-decoration: none;
  cursor: pointer;
}

.c0 p:first-child {
  margin-top: 0;
}

.c2 {
  display: -webkit-box;
  display: -webkit-flex;
  display: -ms-flexbox;
  display: flex;
  -webkit-flex-direction: column;
  -ms-flex-direction: column;
  flex-direction: column;
}

.c2 p:first-child {
  margin-top: 0;
}

.c3 {
  font-size: 1rem;
  margin: 10px 0 0 0;
}

.c4 {
  font-size: 0.8rem;
  margin: 0;
  font-weight: 300;
  color: #999;
}

.c1 {
  width: 46px;
  height: 46px;
  margin: 0 36px 0 0;
}

<div
    class="c0"
    data-testid="exercise"
  >
    <img
      alt=""
      class="c1"
    />
    <div
      class="c2"
    >
      <p
        class="c3"
      >
        Test
      </p>
      <p
        class="c4"
      >
        Test
      </p>
    </div>
  </div>
</DocumentFragment>
`;
